C51 COMPILER V9.59.0.0   BOOTLOAD_UPDATAFLAGFILL                                           03/20/2024 20:54:40 PAGE 1   


C51 COMPILER V9.59.0.0, COMPILATION OF MODULE BOOTLOAD_UPDATAFLAGFILL
OBJECT MODULE PLACED IN ..\Output\BootLoad_UpdataFlagFill.obj
COMPILER INVOKED BY: D:\Keil_v5\C51\BIN\C51.EXE ..\Drivers\OTADriver\C\BootLoad_UpdataFlagFill.c LARGE OMF2 OPTIMIZE(8,S
                    -IZE) BROWSE INTVECTOR(0X2800) INCDIR(..\FWLib\SC95F_Lib\inc;..\User;..\IOT_DRIVER\XIAOMI;..\Drivers;..\Drivers\TKDriver\
                    -C;..\List\..\Apps;..\Apps) DEFINE(SC95F8x1xB) DEBUG PRINT(..\List\BootLoad_UpdataFlagFill.lst) TABS(2) OBJECT(..\Output\
                    -BootLoad_UpdataFlagFill.obj)

line level    source

   1          #include "..\H\OTADriver.h"
   2          
   3          unsigned char code UpdateSucceededFlagNumber[4] = {APP_UPDATA_FLAG_NUMBER};


MODULE INFORMATION:   STATIC OVERLAYABLE
   CODE SIZE        =   ----    ----
   CONSTANT SIZE    =      4    ----
   XDATA SIZE       =   ----    ----
   PDATA SIZE       =   ----    ----
   DATA SIZE        =   ----    ----
   IDATA SIZE       =   ----    ----
   BIT SIZE         =   ----    ----
   EDATA SIZE       =   ----    ----
   HDATA SIZE       =   ----    ----
   XDATA CONST SIZE =   ----    ----
   FAR CONST SIZE   =   ----    ----
END OF MODULE INFORMATION.


C51 COMPILATION COMPLETE.  0 WARNING(S),  0 ERROR(S)
