C51 COMPILER V9.59.0.0   BSP_LED                                                           04/03/2024 18:39:18 PAGE 1   


C51 COMPILER V9.59.0.0, COMPILATION OF MODULE BSP_LED
OBJECT MODULE PLACED IN ..\Output\bsp_Led.obj
COMPILER INVOKED BY: D:\Keil_v5\C51\BIN\C51.EXE ..\Apps\bsp_Led.c LARGE OMF2 OPTIMIZE(0,SIZE) BROWSE INTVECTOR(0X1000) I
                    -NCDIR(..\FWLib\SC95F_Lib\inc;..\User;..\IOT_DRIVER\XIAOMI;..\Drivers;..\Drivers\TKDriver\C;..\List\..\Apps;..\Apps) DEFI
                    -NE(SC95F8x1xB) DEBUG PRINT(..\List\bsp_Led.lst) TABS(2) OBJECT(..\Output\bsp_Led.obj)

line level    source

   1          #include "..\Apps\bsp_Led.h"
   2          #include "..\Apps\includeall.h"
   3          
   4          
   5          void RedLed(u8 x)
   6          {
   7   1        
   8   1      }
*** WARNING C280 IN LINE 5 OF ..\Apps\bsp_Led.c: 'x': unreferenced local variable
   9          
  10          void LED_sCan(void)
  11          { 
  12   1        if(gbFlagData[3].all ==0 )
  13   1        {
  14   2          Chanel_IO1 = 0;
  15   2          Chanel_IO2 = 0;
  16   2          
  17   2          return;
  18   2        }
  19   1        led1_io = 1;
  20   1        led2_io = 1;
  21   1        led3_io = 1;
  22   1        led4_io = 1;
  23   1        if(LedChangeFlag)
  24   1        {
  25   2          LedChangeFlag = 0;
  26   2          Chanel_IO1 = 1;
  27   2          Chanel_IO2 = 0;
  28   2          if(LED1_L)
  29   2          {
  30   3            led1_io = 0;
  31   3          }
  32   2          
  33   2          if(LED2_L)
  34   2          {
  35   3            led2_io = 0;
  36   3          }
  37   2      
  38   2          if(LED3_L)
  39   2          {
  40   3            led3_io = 0;
  41   3          }
  42   2          
  43   2          if(LED4_L)
  44   2          {
  45   3            led4_io = 0;
  46   3          }
  47   2        }
  48   1        else
  49   1        {
  50   2          LedChangeFlag = 1;
  51   2      
  52   2          Chanel_IO1 = 0;
C51 COMPILER V9.59.0.0   BSP_LED                                                           04/03/2024 18:39:18 PAGE 2   

  53   2          Chanel_IO2 = 1;
  54   2          
  55   2        
  56   2          if(LED1_R)
  57   2          {
  58   3            led1_io = 0;
  59   3          }
  60   2          if(LED2_R)
  61   2          {
  62   3            led2_io = 0;
  63   3          }
  64   2          
  65   2           if(LED3_R)
  66   2          {
  67   3            led3_io = 0;
  68   3          }
  69   2          
  70   2           if(LED4_R)
  71   2          {
  72   3            led4_io = 0;
  73   3          }
  74   2        } 
  75   1      }
  76          
  77          typedef struct
  78          {
  79              union
  80              {
  81                  u8 all;
  82                  struct
  83                  {
  84                    u8 lednum :2;
  85                    u8 time   :6;
  86                  }Bit;
  87              }run;
  88              u8 lednum;//哪个灯
  89              emColor color;  //什么颜色
  90              U_LED action;//需要执行什么状态，常亮？或者闪烁 
  91          }ST_LED;
  92          
  93          ST_LED gstLed;
  94          
  95          void setLED(u8 num,emColor color ,U_LED state,u8 time)
  96          {
  97   1          if(gstLed.action == blink)
  98   1            return;
  99   1          
 100   1          gstLed.run.Bit.lednum = num-1;
 101   1          gstLed.run.Bit.time   = time;
 102   1          gstLed.color =  color;
 103   1          gstLed.action = state;
 104   1      }
 105          
 106            
 107          void LED_Process(void)
 108          {
 109   1      
 110   1        u8 temp_bit = 0;
 111   1        u8 temp_bit2;
 112   1      
 113   1        if(ErrowFlag)
 114   1        {
C51 COMPILER V9.59.0.0   BSP_LED                                                           04/03/2024 18:39:18 PAGE 3   

 115   2        
 116   2          gstLed.run.Bit.time++;  
 117   2          gbFlagData[3].all =0;
 118   2          if(gstLed.run.Bit.time == 10)
 119   2            gstLed.run.Bit.time = 0;
 120   2          
 121   2          if(gstLed.run.Bit.time < 5 )
 122   2          {
 123   3            LED3_R = 1;
 124   3          } 
 125   2          else
 126   2          {
 127   3            LED3_R = 0;
 128   3          }
 129   2        }
 130   1        
 131   1        else if(gstLed.action == blink)
 132   1        {
 133   2            if(gstLed.run.Bit.time %5 == 0)
 134   2            {
 135   3                if(gstLed.color == BlueColor)
 136   3                {
 137   4                  temp_bit =1<<(gstLed.run.Bit.lednum+4);
 138   4                }
 139   3                else
 140   3                {
 141   4                  temp_bit =1<<(gstLed.run.Bit.lednum);
 142   4                }
 143   3                
 144   3                if(gbFlagData[3].all&temp_bit)
 145   3                {
 146   4      
 147   4                  gbFlagData[3].all &=~temp_bit;
 148   4                }
 149   3                else
 150   3                {
 151   4                  gbFlagData[3].all |=temp_bit;
 152   4                }      
 153   3            }
 154   2            else
 155   2            {
 156   3            
 157   3            }
 158   2            if(gstLed.run.Bit.time > 0)
 159   2            {
 160   3                gstLed.run.Bit.time--;
 161   3            }     
 162   2            else
 163   2            {
 164   3                gstLed.action = lightOn;
 165   3            }
 166   2        }
 167   1        else if( gstLed.action == lightOn)
 168   1        {
 169   2          if(gstLed.color == BlueColor)
 170   2          {
 171   3            temp_bit2 =1<<(gstLed.run.Bit.lednum+4);
 172   3            temp_bit = 1<<(gstLed.run.Bit.lednum);
 173   3          }
 174   2          else
 175   2          {
 176   3            temp_bit2 = 1<<(gstLed.run.Bit.lednum);
C51 COMPILER V9.59.0.0   BSP_LED                                                           04/03/2024 18:39:18 PAGE 4   

 177   3            temp_bit = 1<<(gstLed.run.Bit.lednum+4);
 178   3            
 179   3          }
 180   2          gbFlagData[3].all |=temp_bit2;
 181   2          gbFlagData[3].all &=~temp_bit;
 182   2        }
 183   1        
 184   1        else if( gstLed.action == lightOff)
 185   1        {
 186   2          if(gstLed.color == BlueColor)
 187   2          {
 188   3            temp_bit2 =1<<(gstLed.run.Bit.lednum+4);
 189   3          }
 190   2          else
 191   2          {
 192   3            temp_bit2 = 1<<(gstLed.run.Bit.lednum);   
 193   3          }
 194   2          gbFlagData[3].all &=~temp_bit2;
 195   2        }
 196   1        
 197   1        if(BlueLedFlag)
 198   1        {
 199   2          Blueled_io = 1;
 200   2        }
 201   1        else
 202   1        {
 203   2          Blueled_io = 0;
 204   2        }
 205   1        
 206   1        if(RedLedtFlag)
 207   1        {
 208   2          Redled_io = 1;
 209   2        }
 210   1        else
 211   1        {
 212   2          Redled_io = 0;
 213   2        }
 214   1          
 215   1      }


MODULE INFORMATION:   STATIC OVERLAYABLE
   CODE SIZE        =    999    ----
   CONSTANT SIZE    =   ----    ----
   XDATA SIZE       =     11    ----
   PDATA SIZE       =   ----    ----
   DATA SIZE        =   ----    ----
   IDATA SIZE       =   ----    ----
   BIT SIZE         =   ----    ----
   EDATA SIZE       =   ----    ----
   HDATA SIZE       =   ----    ----
   XDATA CONST SIZE =   ----    ----
   FAR CONST SIZE   =   ----    ----
END OF MODULE INFORMATION.


C51 COMPILATION COMPLETE.  1 WARNING(S),  0 ERROR(S)
