C51 COMPILER V9.59.0.0   BSP_LED                                                           03/27/2024 19:21:14 PAGE 1   


C51 COMPILER V9.59.0.0, COMPILATION OF MODULE BSP_LED
OBJECT MODULE PLACED IN ..\Output\bsp_Led.obj
COMPILER INVOKED BY: D:\Keil_v5\C51\BIN\C51.EXE ..\Apps\bsp_Led.c LARGE OMF2 OPTIMIZE(0,SIZE) BROWSE INTVECTOR(0X1000) I
                    -NCDIR(..\FWLib\SC95F_Lib\inc;..\User;..\IOT_DRIVER\XIAOMI;..\Drivers;..\Drivers\TKDriver\C;..\List\..\Apps;..\Apps) DEFI
                    -NE(SC95F8x1xB) DEBUG PRINT(..\List\bsp_Led.lst) TABS(2) OBJECT(..\Output\bsp_Led.obj)

line level    source

   1          #include "..\Apps\bsp_Led.h"
   2          #include "..\Apps\includeall.h"
   3          
   4          
   5          
   6          void LED_sCan(void)
   7          { 
   8   1        if(gbFlagData[3].all ==0 )
   9   1        {
  10   2          Chanel_IO1 = 0;
  11   2          Chanel_IO2 = 0;
  12   2          
  13   2          return;
  14   2        }
  15   1        led1_io = 1;
  16   1        led2_io = 1;
  17   1        led3_io = 1;
  18   1        led4_io = 1;
  19   1        if(LedChangeFlag)
  20   1        {
  21   2          LedChangeFlag = 0;
  22   2          Chanel_IO1 = 1;
  23   2          Chanel_IO2 = 0;
  24   2          if(LED1_L)
  25   2          {
  26   3            led1_io = 0;
  27   3          }
  28   2          
  29   2          if(LED2_L)
  30   2          {
  31   3            led2_io = 0;
  32   3          }
  33   2      
  34   2          if(LED3_L)
  35   2          {
  36   3            led3_io = 0;
  37   3          }
  38   2          
  39   2          if(LED4_L)
  40   2          {
  41   3            led4_io = 0;
  42   3          }
  43   2        }
  44   1        else
  45   1        {
  46   2          LedChangeFlag = 1;
  47   2      
  48   2          Chanel_IO1 = 0;
  49   2          Chanel_IO2 = 1;
  50   2          
  51   2        
  52   2          if(LED1_R)
  53   2          {
C51 COMPILER V9.59.0.0   BSP_LED                                                           03/27/2024 19:21:14 PAGE 2   

  54   3            led1_io = 0;
  55   3          }
  56   2          if(LED2_R)
  57   2          {
  58   3            led2_io = 0;
  59   3          }
  60   2          
  61   2           if(LED3_R)
  62   2          {
  63   3            led3_io = 0;
  64   3          }
  65   2          
  66   2           if(LED4_R)
  67   2          {
  68   3            led4_io = 0;
  69   3          }
  70   2        } 
  71   1      }
  72          
  73            
  74          void LED_Process(void)
  75          {
  76   1      
  77   1        
  78   1      //  if(SysRunFlag)
  79   1        //  return;
  80   1        
  81   1        if(BlueLedFlag)
  82   1        {
  83   2          Blueled_io = 1;
  84   2        }
  85   1        else
  86   1        {
  87   2          Blueled_io = 0;
  88   2        }
  89   1        
  90   1        if(RedLedtFlag)
  91   1        {
  92   2          Redled_io = 1;
  93   2        }
  94   1        else
  95   1        {
  96   2          Redled_io = 0;
  97   2        }
  98   1          
  99   1      }


MODULE INFORMATION:   STATIC OVERLAYABLE
   CODE SIZE        =    189    ----
   CONSTANT SIZE    =   ----    ----
   XDATA SIZE       =   ----    ----
   PDATA SIZE       =   ----    ----
   DATA SIZE        =   ----    ----
   IDATA SIZE       =   ----    ----
   BIT SIZE         =   ----    ----
   EDATA SIZE       =   ----    ----
   HDATA SIZE       =   ----    ----
   XDATA CONST SIZE =   ----    ----
   FAR CONST SIZE   =   ----    ----
END OF MODULE INFORMATION.


C51 COMPILATION COMPLETE.  0 WARNING(S),  0 ERROR(S)
