C51 COMPILER V9.59.0.0   GLOBE                                                             03/22/2024 20:40:38 PAGE 1   


C51 COMPILER V9.59.0.0, COMPILATION OF MODULE GLOBE
OBJECT MODULE PLACED IN ..\Output\globe.obj
COMPILER INVOKED BY: D:\Keil_v5\C51\BIN\C51.EXE ..\Apps\globe.c LARGE OMF2 OPTIMIZE(8,SIZE) BROWSE INTVECTOR(0X2800) INC
                    -DIR(..\FWLib\SC95F_Lib\inc;..\User;..\IOT_DRIVER\XIAOMI;..\Drivers;..\Drivers\TKDriver\C;..\List\..\Apps;..\Apps) DEFINE
                    -(SC95F8x1xB) DEBUG PRINT(..\List\globe.lst) TABS(2) OBJECT(..\Output\globe.obj)

line level    source

   1          
   2          #include "includeall.h"
   3          #include "globe.h"
   4          
   5          
   6          
   7          
   8          
   9          
  10          
  11          
  12          //////////////最小框架////////////////////
  13          ST_PushPop gstPushPop;
  14          volatile byte gbFlagData[10];
  15          volatile sysTick_t gstRDsysTick;
  16          Uchar gEventBuffer[EVENT_BUFFER_LENGTH];
  17          
  18          //////////////最小框架////////////////////
  19          
  20          ST_Filter gstFilte;
  21          ST_AM901  gstAM901;
  22          volatile STAD_Collect   gstADCollect;
  23          u8 gKeyValue;
  24          #if 0
              signed char gTempHeat,gTempAD;
              STFactory   gstFactory; 
              byte gSendData[3];
              uint8_t gErrorCode;
              byte gbNoInitFlagData[10];
              
              //////////////AD////////////////////
              volatile uint16_t ADtable[ADMax];
              
              
              //////////////调节LED亮度////////////////////
              u8  gLightAdjust = 0xc0;
              #endif
  38          
  39          
  40          
  41          
  42          


MODULE INFORMATION:   STATIC OVERLAYABLE
   CODE SIZE        =   ----    ----
   CONSTANT SIZE    =   ----    ----
   XDATA SIZE       =     89    ----
   PDATA SIZE       =   ----    ----
   DATA SIZE        =   ----    ----
   IDATA SIZE       =   ----    ----
   BIT SIZE         =   ----    ----
   EDATA SIZE       =   ----    ----
C51 COMPILER V9.59.0.0   GLOBE                                                             03/22/2024 20:40:38 PAGE 2   

   HDATA SIZE       =   ----    ----
   XDATA CONST SIZE =   ----    ----
   FAR CONST SIZE   =   ----    ----
END OF MODULE INFORMATION.


C51 COMPILATION COMPLETE.  0 WARNING(S),  0 ERROR(S)
