A51 MACRO ASSEMBLER  INTERRUPTVECTORS_OTA                                                 03/27/2024 21:25:08 PAGE     1


MACRO ASSEMBLER A51 V8.2.7.0
OBJECT MODULE PLACED IN ..\Output\InterruptVectors_OTA.obj
ASSEMBLER INVOKED BY: D:\Keil_v5\C51\BIN\A51.EXE ..\Drivers\OTADriver\C\InterruptVectors_OTA.A51 SET(LARGE) DEBUG PRINT(
                      ..\List\InterruptVectors_OTA.lst) OBJECT(..\Output\InterruptVectors_OTA.obj) EP

LOC  OBJ            LINE     SOURCE

                       1     
                       2     
                       3     
                       4     
                       5     
                       6     
                       7     
                       8     ;#include "..\H\OTADriver.h"
                +1     9     
                +1    10     
                +1    11     
                +1    12     
                +1    13     
                +1    14     
                +1    15     
                +1    16     
                +1    17     
                +1    18     
                +1    19     
                +1    20     
                +1    21     
                +1    22     
                +1    23     
                +1    24     
                +1    25     
                +1    26     
                +1    27     
                +1    28     
                +1    29     
                +1    30     
                +1    31     
                +1    32     
                +1    33     
                +1    34     
                +1           
                +1           
                +1           
                +1    38     
                +1    39     
                +1    40     
                +1    41     
                +1    42     
                +1    43     
                +1    44     
                +1           
                +1           
                +1    47     
                +1    48     
                +1    49     
                +1    50     
                +1    51     
                +1    52     
                +1           
                +1           
                +1           
                +1    56     
                +1    57     
A51 MACRO ASSEMBLER  INTERRUPTVECTORS_OTA                                                 03/27/2024 21:25:08 PAGE     2

                +1    58     
                +1    59         
                +1    60             
                +1    61         
                +1                   
                +1               
                +1           
                +1               
                +1           
                +1    67     
                +1    68     
                +1    69     
                +1    70     
                +1    71     
                +1    72     
                +1    73     
                +1    74     
                +1    75     
                +1    76     
                +1    77     
                +1    78     
                +1    79     
                +1    80     
                +1    81     
                +1    82     
                +1    83         
                +1           
                +1               
                +1           
                +1    87     
                +1    88     
                +1    89     
                +1    90     
                +1    91     
                +1    92     
                +1    93     
                +1    94     
                +1    95     
                +1    96     
                +1    97     
                +1    98     
                +1    99     
                +1   100     
                +1   101     
                +1   102     
                +1   103     
                +1   104     
                +1   105     
                +1   106     
                +1   107     
                +1   108     
                +1   109     
                +1   110     
                +1   111     
                +1   112     
                +1   113     
                +1   114     
                +1   115     
                +1   116     
                +1   117     
                +1   118     
                +1   119     
                +1   120     
                     121     
                     122     
                     123     
A51 MACRO ASSEMBLER  INTERRUPTVECTORS_OTA                                                 03/27/2024 21:25:08 PAGE     3

                     124     
                     125     EXTRN data(InterruputMode)
                     126     
                     127     
                     128     
----                 129     CSEG AT 0x0003
                     130     
0003                 131     ORG      0003H
0003 300003   F      132     JNB      InterruputMode.0, $ +6
0006 021003          133     LJMP     $ -03H + 0x1000
0009 2103            134     AJMP     $ -06H + 0x0100
000B                 135     ORG      000BH
000B 300003   F      136     JNB      InterruputMode.0, $ +6
000E 02100B          137     LJMP     $ -03H + 0x1000
0011 210B            138     AJMP     $ -06H + 0x0100
0013                 139     ORG      0013H
0013 300003   F      140     JNB      InterruputMode.0, $ +6
0016 021013          141     LJMP     $ -03H + 0x1000
0019 2113            142     AJMP     $ -06H + 0x0100
001B                 143     ORG      001BH
001B 300003   F      144     JNB      InterruputMode.0, $ +6
001E 02101B          145     LJMP     $ -03H + 0x1000
0021 211B            146     AJMP     $ -06H + 0x0100
0023                 147     ORG      0023H
0023 300003   F      148     JNB      InterruputMode.0, $ +6
0026 021023          149     LJMP     $ -03H + 0x1000
0029 2123            150     AJMP     $ -06H + 0x0100
002B                 151     ORG      002BH
002B 300003   F      152     JNB      InterruputMode.0, $ +6
002E 02102B          153     LJMP     $ -03H + 0x1000
0031 212B            154     AJMP     $ -06H + 0x0100
0033                 155     ORG      0033H
0033 300003   F      156     JNB      InterruputMode.0, $ +6
0036 021033          157     LJMP     $ -03H + 0x1000
0039 2133            158     AJMP     $ -06H + 0x0100
003B                 159     ORG      003BH
003B 300003   F      160     JNB      InterruputMode.0, $ +6
003E 02103B          161     LJMP     $ -03H + 0x1000
0041 213B            162     AJMP     $ -06H + 0x0100
0043                 163     ORG      0043H
0043 300003   F      164     JNB      InterruputMode.0, $ +6
0046 021043          165     LJMP     $ -03H + 0x1000
0049 2143            166     AJMP     $ -06H + 0x0100
004B                 167     ORG      004BH
004B 300003   F      168     JNB      InterruputMode.0, $ +6
004E 02104B          169     LJMP     $ -03H + 0x1000
0051 214B            170     AJMP     $ -06H + 0x0100
0053                 171     ORG      0053H
0053 300003   F      172     JNB      InterruputMode.0, $ +6
0056 021053          173     LJMP     $ -03H + 0x1000
0059 2153            174     AJMP     $ -06H + 0x0100
005B                 175     ORG      005BH
005B 300003   F      176     JNB      InterruputMode.0, $ +6
005E 02105B          177     LJMP     $ -03H + 0x1000
0061 215B            178     AJMP     $ -06H + 0x0100
0063                 179     ORG      0063H
0063 300003   F      180     JNB      InterruputMode.0, $ +6
0066 021063          181     LJMP     $ -03H + 0x1000
0069 2163            182     AJMP     $ -06H + 0x0100
006B                 183     ORG      006BH
006B 300003   F      184     JNB      InterruputMode.0, $ +6
006E 02106B          185     LJMP     $ -03H + 0x1000
0071 216B            186     AJMP     $ -06H + 0x0100
0073                 187     ORG      0073H
0073 300003   F      188     JNB      InterruputMode.0, $ +6
0076 021073          189     LJMP     $ -03H + 0x1000
A51 MACRO ASSEMBLER  INTERRUPTVECTORS_OTA                                                 03/27/2024 21:25:08 PAGE     4

0079 2173            190     AJMP     $ -06H + 0x0100
007B                 191     ORG      007BH
007B 300003   F      192     JNB      InterruputMode.0, $ +6
007E 02107B          193     LJMP     $ -03H + 0x1000
0081 217B            194     AJMP     $ -06H + 0x0100
0083                 195     ORG      0083H
0083 300003   F      196     JNB      InterruputMode.0, $ +6
0086 021083          197     LJMP     $ -03H + 0x1000
0089 2183            198     AJMP     $ -06H + 0x0100
008B                 199     ORG      008BH
008B 300003   F      200     JNB      InterruputMode.0, $ +6
008E 02108B          201     LJMP     $ -03H + 0x1000
0091 218B            202     AJMP     $ -06H + 0x0100
0093                 203     ORG      0093H
0093 300003   F      204     JNB      InterruputMode.0, $ +6
0096 021093          205     LJMP     $ -03H + 0x1000
0099 2193            206     AJMP     $ -06H + 0x0100
009B                 207     ORG      009BH
009B 300003   F      208     JNB      InterruputMode.0, $ +6
009E 02109B          209     LJMP     $ -03H + 0x1000
00A1 219B            210     AJMP     $ -06H + 0x0100
00A3                 211     ORG      00A3H
00A3 300003   F      212     JNB      InterruputMode.0, $ +6
00A6 0210A3          213     LJMP     $ -03H + 0x1000
00A9 21A3            214     AJMP     $ -06H + 0x0100
00AB                 215     ORG      00ABH
00AB 300003   F      216     JNB      InterruputMode.0, $ +6
00AE 0210AB          217     LJMP     $ -03H + 0x1000
00B1 21AB            218     AJMP     $ -06H + 0x0100
                     219     
                     220             
                     221     END
A51 MACRO ASSEMBLER  INTERRUPTVECTORS_OTA                                                 03/27/2024 21:25:08 PAGE     5

SYMBOL TABLE LISTING
------ ----- -------


N A M E             T Y P E  V A L U E   ATTRIBUTES

INTERRUPUTMODE . .  D ADDR   -----       EXT


REGISTER BANK(S) USED: 0 


ASSEMBLY COMPLETE.  0 WARNING(S), 0 ERROR(S)
