C51 COMPILER V9.59.0.0   SYSRUN                                                            03/26/2024 18:18:49 PAGE 1   


C51 COMPILER V9.59.0.0, COMPILATION OF MODULE SYSRUN
OBJECT MODULE PLACED IN ..\Output\sysRun.obj
COMPILER INVOKED BY: D:\Keil_v5\C51\BIN\C51.EXE ..\Apps\sysRun.c LARGE OMF2 OPTIMIZE(0,SIZE) BROWSE INTVECTOR(0X1000) IN
                    -CDIR(..\FWLib\SC95F_Lib\inc;..\User;..\IOT_DRIVER\XIAOMI;..\Drivers;..\Drivers\TKDriver\C;..\List\..\Apps;..\Apps) DEFIN
                    -E(SC95F8x1xB) DEBUG PRINT(..\List\sysRun.lst) TABS(2) OBJECT(..\Output\sysRun.obj)

line level    source

   1          
   2          //////min sys//////
   3          #include "globe.h"
   4          #include "clib.h"
   5          #include "sysRun.h"
   6          //////min sys//////
   7          
   8          //#include "key.h"
   9          //#include "bsp_Led.h"
  10          //#include "factory.h"
  11          //#include "FuncTab.h"
  12          #include "..\Apps\bsp_Led.h"
  13          #include "..\Apps\ioConfig.h"
  14          #include "string.h"
  15          
  16          #define CLOSE_ALL_LED()  gbFlagData[3].all=0;BlueLedFlag =0;RedLedtFlag =0
  17          #define OPEN_ALL_LED()   gbFlagData[3].all=0xff;BlueLedFlag =1;RedLedtFlag =1
  18          
  19          
  20          #define STEP_1()  Pump_io =1;LED1_L=1;sFactoryStep++
  21          #define STEP_2()  JinShuiFa_io =1;LED2_L=1;sFactoryStep++
  22          #define STEP_3()  FeiShuiFa_IO =1;LED4_L=1;sFactoryStep++
  23          #define STEP_4()  HuiLiuFa_io =1;LED3_L=1;sFactoryStep++
  24          #define STEP_5()  KongShuiFa_IO =1;LED4_R=1;sFactoryStep++
  25          
  26          #define STEP_6()  BlueLedFlag =1;RedLedtFlag =1;gbFlagData[3].all =0XFF;Buzzer5Flag =1;sFactoryStep++
  27          #define STEP_7()  sFactoryStep++;
  28          
  29          
  30          void FactoryProcess(void)
  31          {
  32   1        static u16 FactoryPeriodCnt = 0;
  33   1          
  34   1        static u8 sFactoryStep =0;
  35   1      
  36   1        FactoryPeriodCnt++;
  37   1      
  38   1        if(!FactoryModeFlag)
  39   1        {
  40   2          
  41   2          return ;
  42   2        }
  43   1      
  44   1        if(FactoryModeFlag^HisFactoryModeFlag)
  45   1        {
  46   2          sFactoryStep =0;
  47   2          HisFactoryModeFlag = FactoryModeFlag;
  48   2          
  49   2          gbFlagData[3].all = 0;
  50   2          Buzzer5Flag = 0;
  51   2          RedLedtFlag = 0;
  52   2        }
  53   1      
C51 COMPILER V9.59.0.0   SYSRUN                                                            03/26/2024 18:18:49 PAGE 2   

  54   1        if(FactoryPeriodCnt%2 == 0)
  55   1        {
  56   2          switch(sFactoryStep)
  57   2          {
  58   3            case 0:
  59   3              STEP_1();
  60   3            break;
  61   3      
  62   3            case 1:
  63   3              STEP_2();
  64   3            break;
  65   3      
  66   3            case 2:
  67   3              STEP_3();
  68   3            break;
  69   3      
  70   3            case 3:
  71   3              STEP_4();
  72   3            break;
  73   3      
  74   3            case 4:
  75   3              STEP_5();
  76   3            break;
  77   3      
  78   3            case 5:
  79   3              STEP_6();
  80   3            break;
  81   3      
  82   3            case 6:
  83   3              STEP_7();
  84   3            break;
  85   3      
  86   3            case 7:
  87   3              gbFlagData[3].all = 0;
  88   3              BlueLedFlag = 0;
  89   3              RedLedtFlag = 0;
  90   3              JinShuiFa_io = 0;
  91   3              FeiShuiFa_IO = 0;
  92   3              HuiLiuFa_io = 0;
  93   3              KongShuiFa_IO = 0;
  94   3              sFactoryStep++;
  95   3            break;
  96   3      
  97   3            case 8:
  98   3               FstModeFlag = 1;
  99   3               FactoryModeFlag =0;
 100   3            break;
 101   3            
 102   3            
 103   3      
 104   3            default:
 105   3              break;
 106   3            
 107   3          }
 108   2        }
 109   1        
 110   1      }
 111          
 112          /*****************************************************
 113          *函数名称：void CMP_Init(uchar CMPIS, uchar CMPRF)
 114          *函数功能：模拟比较器初始化
 115          *入口参数：CMPIS=正端通道，CMPRF=负端电压
C51 COMPILER V9.59.0.0   SYSRUN                                                            03/26/2024 18:18:49 PAGE 3   

 116          *出口参数：void
 117          *****************************************************/
 118          void CMP_Init(void)
 119          {
 120   1        CMPCON = 0x86;   //开启模拟比较器电源 选择负端电压 vdd/3
 121   1        CMPCFG = 0x18;//正端选择1.5v   ，从正端电压小于负端电压到正端电压大于负端电压 产生中断  
 122   1          IE1 |= 0x20;
 123   1      }
 124          
 125          
 126          void sysRest(void)
 127          {
 128   1         memset(gbFlagData,0,10);
 129   1         memset(&gstFilte,0,sizeof(gstFilte));
 130   1         memset(&gstAM901,0,sizeof(gstAM901));
 131   1         memset(&gstRDsysTick,0,sizeof(gstRDsysTick));
 132   1         
 133   1         gstAM901.stFilter = &gstFilte;
 134   1      }
 135          
 136          typedef enum
 137          {
 138            ROFilter,
 139            MixFilter
 140          }emFilter;
 141          
 142          
 143          
 144          
 145          /************************************************************************* 
 146          * 函数名称: FilterlifeTime
 147          * 功能说明: 用于计算滤芯寿命剩余时间
 148          * 输    入: 无  
 149          * 输    出: 无
 150          *************************************************************************/
 151          void FilterlifeTime(emFilter type)
 152          {
 153   1        if(FstModeFlag)
 154   1        {
 155   2          if( type  == ROFilter)
 156   2          {     
 157   3            gstFilte.RO_FlowRateCnt+=600ul;
 158   3          }
 159   2          else
 160   2          {
 161   3            gstFilte.Mix_FlowRate+=600ul;
 162   3          }
 163   2        }
 164   1        else
 165   1        {
 166   2      
 167   2          if( type  == ROFilter)
 168   2          {
 169   3            
 170   3            gstFilte.RO_FlowRateCnt++;
 171   3          }
 172   2          else
 173   2          {
 174   3            gstFilte.Mix_FlowRate++;
 175   3          }
 176   2        }
 177   1        
C51 COMPILER V9.59.0.0   SYSRUN                                                            03/26/2024 18:18:49 PAGE 4   

 178   1      
 179   1      }
 180          
 181          void FilterlifeDayTime(emFilter type)
 182          {
 183   1        if(FstModeFlag)
 184   1        {
 185   2          if( type  == ROFilter)
 186   2          {
 187   3            gstFilte.RO_DayCnt+=86400ul;
 188   3          }
 189   2          else
 190   2          {
 191   3            gstFilte.Mix_DayCnt+=86400ul;
 192   3          }
 193   2        }
 194   1        else
 195   1        {
 196   2          if( type  == ROFilter)
 197   2          {
 198   3            
 199   3            gstFilte.RO_DayCnt++;
 200   3          }
 201   2          else
 202   2          {
 203   3            gstFilte.Mix_DayCnt++;
 204   3          }
 205   2        }
 206   1        
 207   1      
 208   1      }
 209          
 210          
 211          /************************************************************************* 
 212          * 函数名称: TimeReminder
 213          * 功能说明: 寿命到期处理
 214          * 输    入: 无  
 215          * 输    出: 无
 216          *************************************************************************/
 217          
 218          
 219          
 220          void TimeReminder(void)
 221          {
 222   1        static ST_TimeReminder sTimeReminderCnt ={0};
 223   1        u8  temp =gstAM901.Run.Bit.DayResidualPercent;
 224   1      
 225   1        if(FactoryModeFlag)
 226   1        {
 227   2          return ;
 228   2        }
 229   1       
 230   1        
 231   1        if(gstAM901.Run.Bit.DayResidualPercent < temp)
 232   1          temp = gstAM901.Run.Bit.DayResidualPercent;
 233   1        
 234   1          
 235   1        if( gstFilte.type  == ROFilter)
 236   1        {
 237   2          if(temp <= 1)//寿命到期
 238   2          {
 239   3              LED2_R =1;
C51 COMPILER V9.59.0.0   SYSRUN                                                            03/26/2024 18:18:49 PAGE 5   

 240   3              LED2_L =0;  
 241   3          }
 242   2        
 243   2          else if(temp <=3)//寿命快到期
 244   2          {
 245   3          
 246   3      
 247   3              if(!sTimeReminderCnt.Bit.buzeerOn && KeySwitchFlag1)
 248   3              {
 249   4                sTimeReminderCnt.Bit.buzeerOn = 1;
 250   4                Buzzer4Flag = 1;
 251   4              }
 252   3              
 253   3              if(sTimeReminderCnt.Bit.cnt <= 5)
 254   3              {
 255   4                  LED2_R =1;
 256   4                  LED2_L =0;
 257   4                  Buzzer4Flag = 1;
 258   4              }
 259   3              else
 260   3              {
 261   4                  LED2_R =0;
 262   4                  LED2_L =0;
 263   4              }
 264   3              
 265   3              sTimeReminderCnt.Bit.cnt++;
 266   3              
 267   3              if(sTimeReminderCnt.Bit.cnt >= 10)
 268   3                sTimeReminderCnt.Bit.cnt = 0;
 269   3              
 270   3          }
 271   2          else
 272   2          {
 273   3              LED2_R =0;
 274   3              LED2_L =1;
 275   3          }
 276   2        }
 277   1        else
 278   1        {
 279   2          if(temp <= 3)//寿命到期
 280   2          {
 281   3              LED1_R =1;
 282   3              LED1_L =0;
 283   3      
 284   3          }
 285   2        
 286   2          else if(temp <= 10)//寿命快到期
 287   2          {
 288   3              if(sTimeReminderCnt.Bit.cnt < 5)
 289   3              {
 290   4                  LED1_R =1;
 291   4                  LED1_L =0;
 292   4              }
 293   3              else
 294   3              {
 295   4                  LED1_R =0;
 296   4                  LED1_L =0;
 297   4              }
 298   3              
 299   3              sTimeReminderCnt.Bit.cnt++;
 300   3              
 301   3              if(sTimeReminderCnt.Bit.cnt >= 10)
C51 COMPILER V9.59.0.0   SYSRUN                                                            03/26/2024 18:18:49 PAGE 6   

 302   3                sTimeReminderCnt.Bit.cnt = 0;
 303   3          }
 304   2          else
 305   2          {
 306   3              LED1_R =0;
 307   3              LED1_L =1;
 308   3          }
 309   2        }
 310   1          
 311   1        
 312   1      }
 313          
 314          
 315          /************************************************************************* 
 316          * 函数名称: FilterSysRunTime
 317          * 功能说明: 用于滤芯寿命計數.单位秒
 318          * 输    入: 无  
 319          * 输    出: 无
 320          *************************************************************************/
 321          
 322          #define RO_DAY 1080ul
 323          #define MIX_3INI_DAY 360ul
 324          void FilterSysRunTime(void)
 325          {
 326   1         unsigned long  temp;
 327   1         float ftemp;
 328   1        if(gstFilte.type == ROFilter) 
 329   1        {
 330   2        /* 测试使用
 331   2          百分之2   90514640
 332   2          百分之3   0x5651D00
 333   2          百分之10  0x5017200
 334   2          
 335   2          */
 336   2          if(gstFilte.RO_DayCnt <0x058FD400 ) //3600*24*1080 0x01E13380
 337   2            FilterlifeDayTime();
*** WARNING C209 IN LINE 337 OF ..\Apps\sysRun.c: '_FilterlifeDayTime': too few actual parameters
 338   2            
 339   2          // 气泵运行多少分钟代表一天 (10/2.63)-> 转换成S-> (10/2.63)*60-> 气泵运行总时间时间 ：(10/2.63)*60*365
 340   2          // 气泵1秒钟运行多少天：  tick */60*（10/2.63） 
 341   2          temp =  gstFilte.RO_DayCnt/864; //gstFilte.RO_DayCnt/0x00015180 *100;
 342   2            
 343   2          if(temp < 108000ul)
 344   2          {
 345   3            temp = 108000ul-temp;
 346   3            ftemp = (float)temp/1080ul;
 347   3            gstAM901.Run.Bit.DayResidualPercent =  (u8)ftemp;
 348   3          }
 349   2          
 350   2          
 351   2        }
 352   1        else
 353   1        {
 354   2          /* 测试使用
 355   2          百分之3   0x01C9CE63
 356   2          百分之10   0x1AB2600
 357   2          百分之90  3110405
 358   2          */
 359   2          if(gstFilte.Mix_DayCnt <0x01DA9C00 )//3600*24*360 
 360   2            FilterlifeDayTime();
*** WARNING C209 IN LINE 360 OF ..\Apps\sysRun.c: '_FilterlifeDayTime': too few actual parameters
 361   2            
C51 COMPILER V9.59.0.0   SYSRUN                                                            03/26/2024 18:18:49 PAGE 7   

 362   2          // 气泵运行多少分钟代表一天 (10/2.63)-> 转换成S-> (10/2.63)*60-> 气泵运行总时间时间 ：(10/2.63)*60*365
 363   2          // 气泵1秒钟运行多少天：  tick */60*（10/2.63） 
 364   2          temp =  gstFilte.Mix_DayCnt/864; //gstFilte.RO_DayCnt/0x00015180 *100;
 365   2          temp =  36000ul-temp; 
 366   2      
 367   2          ftemp = (float)temp/MIX_3INI_DAY;
 368   2          gstAM901.Run.Bit.DayResidualPercent = (u8)ftemp;
 369   2        }
 370   1      ///////////////////////////////////////////////////MIX_RO_DAY/////////////////////////////////////////////
             -//////////////
 371   1      
 372   1        
 373   1        if(gstFilte.type == ROFilter && PunpFlag) 
 374   1        {
 375   2          if(gstFilte.RO_FlowRateCnt < 246388ul)//108000/(2.63/60)
 376   2            FilterlifeTime();
*** WARNING C209 IN LINE 376 OF ..\Apps\sysRun.c: '_FilterlifeTime': too few actual parameters
 377   2      
 378   2          /* 测试使用
 379   2          百分之1   90514640
 380   2          百分之3   0x5651D00
 381   2          百分之100  246388ul
 382   2          
 383   2          */  
 384   2            
 385   2          // 气泵运行多少分钟代表一天 (10/2.63)-> 转换成S-> (10/2.63)*60-> 气泵运行总时间时间 2.63*60*10800 
 386   2          // 气泵1秒钟运行多少天：  tick */60*（10/2.63） 
 387   2          temp =  (float)gstFilte.RO_FlowRateCnt*0.04384;//2.63/60;//
 388   2          if(temp >10800ul )
 389   2            temp = 10800ul;
 390   2          
 391   2          temp =  10800-temp; 
 392   2      
 393   2          ftemp = (float)temp/108;
 394   2      
 395   2          gstAM901.Run.Bit.FlowResidualPercent = (u8)ftemp;
 396   2        }
 397   1        else if(gstFilte.type == MixFilter && PunpFlag)
 398   1        {
 399   2          if(gstFilte.Mix_FlowRate < 82117ul)//3600/(2.63/60)
 400   2            FilterlifeTime();;
*** WARNING C209 IN LINE 400 OF ..\Apps\sysRun.c: '_FilterlifeTime': too few actual parameters
 401   2            
 402   2          
 403   2      
 404   2            
 405   2          // 气泵运行多少分钟代表一天 (10/2.63)-> 转换成S-> (10/2.63)*60-> 气泵运行总时间时间 ：(10/2.63)*60*365
 406   2          // 气泵1秒钟运行多少天：  tick */60*（10/2.63） 
 407   2          temp =  gstFilte.Mix_FlowRate*0.04384;//gstFilte.RO_DayCnt*2.63/60
 408   2          
 409   2          if(temp >3600ul )
 410   2            temp = 3600ul;
 411   2          
 412   2          temp =  3600-temp;  
 413   2      
 414   2          ftemp = ((float)temp)/36;
 415   2            
 416   2          gstAM901.Run.Bit.FlowResidualPercent =  (u8)ftemp;
 417   2        }
 418   1      }
 419          
 420           
C51 COMPILER V9.59.0.0   SYSRUN                                                            03/26/2024 18:18:49 PAGE 8   

 421          
 422          /************************************************************************* 
 423          * 函数名称: DevicePowerOn
 424          * 功能说明: 设备上电初始化
 425          * 输    入: 无  
 426          * 输    出: 无
 427          *************************************************************************/
 428          volatile  u8 sDPOCnt =0;nt =0;
 429          void DevicePowerOnInit(void)
 430          {
 431   1        
 432   1        Blueled_io = 1;
 433   1        Redled_io = 1;
 434   1        Chanel_IO1 = 1;
 435   1        Chanel_IO2 = 1;
 436   1        led1_io = 0;
 437   1        led2_io = 0;
 438   1        led3_io = 0;
 439   1        led4_io = 0;
 440   1        //Buzzer2Flag = 1;
 441   1        //BuzzerProcess();
 442   1        PWM_IndependentModeConfig(PWM02,2000);
 443   1        while(1)
 444   1        {
 445   2          if(Ev100MSFlag)
 446   2          {
 447   3            WDTCON |=0x10;
 448   3            sDPOCnt++;
 449   3            Ev100MSFlag =0;
 450   3            
 451   3              
 452   3              if(sDPOCnt>= 30)
 453   3            {
 454   4              break;
 455   4            }
 456   3            else if(sDPOCnt>= 2)
 457   3            {
 458   4              PWM_IndependentModeConfig(PWM02,0);
 459   4            }       
 460   3          }
 461   2        }
 462   1        Chanel_IO1 = 0;
 463   1        Chanel_IO2 = 0;
 464   1        led1_io = 0;
 465   1        led2_io = 0;
 466   1        led3_io = 0;
 467   1        led4_io = 0;
 468   1        Blueled_io = 0;
 469   1        Redled_io = 0;
 470   1      }
 471          
 472          /************************************************************************* 
 473          * 函数名称: FirstPowerOnProcess
 474          * 功能说明: 首次上电对设备清洗处理
 475          * 输    入: 无  
 476          * 输    出: 无
 477          *************************************************************************/
 478          void FirstPowerOnProcess(void)
 479          {
 480   1          static u16 sTimeCnt = 0;
 481   1          if(!FirstPownOnFlag)
 482   1          {
C51 COMPILER V9.59.0.0   SYSRUN                                                            03/26/2024 18:18:49 PAGE 9   

 483   2              return;
 484   2          } 
 485   1          sTimeCnt++;
 486   1          JinShuiFa_io = 1;
 487   1          Pump_io = 1;
 488   1          FeiShuiFa_IO = 1;
 489   1          KongShuiFa_IO = 1;
 490   1          
 491   1          if(sTimeCnt > _15Min_Per1S)
 492   1          {
 493   2              JinShuiFa_io = 0;
 494   2              Pump_io = 0;
 495   2              FeiShuiFa_IO = 0;
 496   2              KongShuiFa_IO = 0;
 497   2              FirstPownOnFlag =  1;
 498   2          }
 499   1              
 500   1          
 501   1      }
 502          /************************************************************************* 
 503          * 函数名称: makeWaterProcess
 504          * 功能说明: 制作纯水
 505          * 输    入: 无  
 506          * 输    出: 无
 507          *************************************************************************/
 508          
 509          
 510          void MakeWaterProcess(void)
 511          {   
 512   1          static u8 sMWaterStep = 5;
 513   1          static u16 sMWaterStepCnt = 0;
 514   1      
 515   1          if(FactoryModeFlag)
 516   1          {
 517   2            return ;
 518   2          }
 519   1        
 520   1          if(FirstPownOnFlag)//和首次上电初始化是互斥关系
 521   1          {
 522   2              return;
 523   2          } 
 524   1          
 525   1          if(KeySwitchFlag && !MakeWaterFlag)//检测到高压开关打开,若设备没有制水，则开始制水
 526   1          {
 527   2            sMWaterStep =   0;
 528   2            MakeWaterFlag = 1;  
 529   2            HuiLiuFa_io = 0;
 530   2          }
 531   1      
 532   1          
 533   1        
 534   1          
 535   1          switch(sMWaterStep)
 536   1          {
 537   2              case 0:
 538   2                JinShuiFa_io =1;
 539   2                sMWaterStep =1;
 540   2                LED4_L =1;
 541   2                PunpFlag = 1;
 542   2                
 543   2              break;
 544   2              
C51 COMPILER V9.59.0.0   SYSRUN                                                            03/26/2024 18:18:49 PAGE 10  

 545   2              case 1://0.5秒后打开增压泵
 546   2                sMWaterStepCnt++;
 547   2                if(sMWaterStepCnt > _500MS_Per50MS)
 548   2                {
 549   3                  sMWaterStepCnt = 0;
 550   3                  Pump_io = 1;
 551   3                  sMWaterStep++;
 552   3                }     
 553   2              break;
 554   2              
 555   2              case 2:
 556   2                if(!KeySwitchFlag)//水满
 557   2                {
 558   3                    sMWaterStep++;
 559   3                    LED4_L =0;
 560   3                }
 561   2              break;
 562   2              
 563   2              case 3:
 564   2                JinShuiFa_io = 0;//关闭进水阀
 565   2                sMWaterStepCnt = 0;
 566   2                sMWaterStep++;
 567   2                MakeWaterFlag = 0;
 568   2              break;
 569   2              
 570   2              case 4://0.5秒后关闭氣泵
 571   2                sMWaterStepCnt++;
 572   2                if(sMWaterStepCnt > _500MS_Per50MS)
 573   2                {
 574   3                  sMWaterStepCnt = 0;
 575   3                  Pump_io = 0;
 576   3                  PunpFlag = 0;
 577   3                  sMWaterStep++;              
 578   3                }
 579   2              break;
 580   2              
 581   2              case 5://连续五分钟检测到水满，打开回流阀
 582   2                  
 583   2                  sMWaterStepCnt++;
 584   2                  if(sMWaterStepCnt >_5Min_Per50MS)
 585   2                  {
 586   3                      sMWaterStepCnt = 0;
 587   3                      sMWaterStep++;    
 588   3                      
 589   3                  }
 590   2              break;
 591   2                  
 592   2              case 6:
 593   2                  sMWaterStepCnt++;
 594   2                  if(sMWaterStepCnt >_1Min_Per50MS)//一分钟后关闭回流阀
 595   2                  {
 596   3                      sMWaterStepCnt = 0;
 597   3                      sMWaterStep++;    
 598   3                      HuiLiuFa_io = 0;
 599   3                      Pump_io = 0;
 600   3                  }
 601   2                  else
 602   2                  {
 603   3                      HuiLiuFa_io = 1;
 604   3                      Pump_io = 1;//打开回流阀
 605   3                  }
 606   2                  if(KeySwitchFlag )
C51 COMPILER V9.59.0.0   SYSRUN                                                            03/26/2024 18:18:49 PAGE 11  

 607   2                    HuiLiuFa_io = 0;
 608   2              break;
 609   2                  
 610   2              default:
 611   2              break;
 612   2              
 613   2              
 614   2            }
 615   1      }
 616          
 617          
 618          void JinShuiWorkProcess(void)
 619          {
 620   1          
 621   1      }
 622          
 623          /************************************************************************* 
 624          * 函数名称: sysRuning
 625          * 功能说明: 程序运行主体
 626          * 输    入: 无  
 627          * 输    出: 无
 628          *************************************************************************/
 629          extern void TDS_Calulate(void);
 630          extern  void KeyGaoYaSwitch(void);
 631          extern void KeyRest(void);
 632          extern void KeySelect(void);
 633          void sysRuning(void)
 634          { 
 635   1      
 636   1        EventCollect();
 637   1          switch(PopEvent())
 638   1          {    
 639   2      
 640   2          case ev3MS:
 641   2             LED_sCan();
 642   2          break; 
 643   2              
 644   2              case ev5MS:       
 645   2                BuzzerProcess();
 646   2             //ADCollectProcess();  //  
 647   2              break;  
 648   2          
 649   2              case ev20MS:
 650   2              {
 651   3                  
 652   3              }       
 653   2              break;
 654   2              
 655   2              case ev50MS:
 656   2              {
 657   3                  KeySelect();
 658   3                  KeyRest();
 659   3                  KeyGaoYaSwitch();
 660   3                  MakeWaterProcess(); 
 661   3                  
 662   3              }
 663   2              break;
 664   2              
 665   2              case ev100MS:
 666   2              {
 667   3                  LED_Process();  
 668   3                  TimeReminder();
C51 COMPILER V9.59.0.0   SYSRUN                                                            03/26/2024 18:18:49 PAGE 12  

 669   3                  TDS_Calulate();
 670   3                  ////EepromProcess();   
 671   3              }
 672   2              break;
 673   2              
 674   2              case ev1S:
 675   2              {
 676   3                  FilterSysRunTime();//滤芯寿命计算
 677   3                  FirstPowerOnProcess();//首次上电冲洗15分钟
 678   3                  FactoryProcess();
 679   3              }
 680   2              break;
 681   2         
 682   2              default:
 683   2              break;
 684   2          }
 685   1      }


MODULE INFORMATION:   STATIC OVERLAYABLE
   CODE SIZE        =   2813    ----
   CONSTANT SIZE    =   ----    ----
   XDATA SIZE       =     23    ----
   PDATA SIZE       =   ----    ----
   DATA SIZE        =   ----    ----
   IDATA SIZE       =   ----    ----
   BIT SIZE         =   ----    ----
   EDATA SIZE       =   ----    ----
   HDATA SIZE       =   ----    ----
   XDATA CONST SIZE =   ----    ----
   FAR CONST SIZE   =   ----    ----
END OF MODULE INFORMATION.


C51 COMPILATION COMPLETE.  4 WARNING(S),  0 ERROR(S)
