C51 COMPILER V9.60.0.0   MAIN                                                              12/14/2022 15:21:51 PAGE 1   


C51 COMPILER V9.60.0.0, COMPILATION OF MODULE MAIN
OBJECT MODULE PLACED IN main.obj
COMPILER INVOKED BY: D:\Keil_v5\C51\BIN\C51.EXE c\main.c OPTIMIZE(8,SPEED) BROWSE DEBUG OBJECTEXTEND PRINT(.\main.lst) O
                    -BJECT(main.obj)

line level    source

   1           //************************************************************
   2          //  Copyright (c) 深圳市赛元微电子有限公司
   3          //      文件名称        : main.c
   4          //      作者            : 
   5          //      模块功能        : 
   6          //  最后更正日期:
   7          //      版本            : 
   8          //              :  
   9          //*************************************************************
  10          #include "h\SC95F861xB_C.h"
  11          #include "h\data_type.h"
  12          #include "lib\SensorMethod.h"
  13          
  14          //*****************全局变量区***************************************************
  15          INT32U exKeyValueFlag = 0;              //当前轮按键标志
  16          INT8U  Timercount = 0;                  //定时器计数
  17          BOOL   TimerFlag_1ms = 0;               //定时器1MS标志
  18          
  19           /**************************************************
  20          *函数名称：void TimerInit(void) 
  21          *函数功能：定时器初始化
  22          *入口参数：void
  23          *出口参数：void
  24          **************************************************/
  25          void TimerInit(void)
  26          {
  27   1              TMCON = (TMCON&0xfe)|(0<<0);            //bit0: 0为FOSC/12,1为FOSO
  28   1      
  29   1              TMOD = TMOD&0xf0;                                       //设置定时0，工作方式0
  30   1              TMOD = TMOD|0x00;
  31   1              TH0=(8192-1000)/32;                             //1000*1=1000us ,1MS
  32   1              TL0=(8192-1000)%32;
  33   1              TF0 = 0;                                                    //清中断标志
  34   1              TR0=0;                                                          //关定时器0
  35   1              ET0=1;                                                          //使能定时器0中断
  36   1              TR0=1;
  37   1      }
  38          
  39          /**************************************************
  40          *函数名称：void timer0()interrupt 1 
  41          *函数功能：定时器中断服务函数
  42          *入口参数：void
  43          *出口参数：void 
  44          **************************************************/
  45          void timer0()interrupt 1
  46          {
  47   1              TH0 = (8192-1000)/32;                           //2000*1/4us=500us
  48   1              TL0 = (8192-1000)%32;   
  49   1              TimerFlag_1ms = 1;      
  50   1      }
  51           /**************************************************
  52          *函数名称：void  Sys_Init(void) 
  53          *函数功能：系统初始化
  54          *入口参数：void
C51 COMPILER V9.60.0.0   MAIN                                                              12/14/2022 15:21:51 PAGE 2   

  55          *出口参数：void  
  56          **************************************************/
  57          void  Sys_Init(void)
  58          {       
  59   1              WDTCON  = 0x10;                             //1--1 -- 00    开WDT,WDT清0,WDT 524.288ms溢出;烧录时，可Code Option选择ENWDT
  60   1              //TK对应的IO设置为强推挽输出1
  61   1              P0CON = 0xFF;
  62   1              P0PH  = 0xFF;   
  63   1              P1CON = 0xFF;
  64   1              P1PH  = 0xFF;
  65   1              P2CON = 0xFF;
  66   1              P2PH  = 0xFF;
  67   1              P5CON = 0xFF;
  68   1              P5PH  = 0xFF;
  69   1              P0 = 0xFF;
  70   1              P1 = 0xFF;
  71   1              P2 = 0xFF;
  72   1              P5 = 0x00;      
  73   1                         
  74   1              EA = 1;                                         //开总中断      
  75   1          TimerInit();                                //定时器初始化
  76   1      }
  77          
  78          /**************************************************
  79          *函数名称：void  Sys_Scan(void) 
  80          *函数功能：扫描TK和显示
  81          *入口参数：void
  82          *出口参数：void  
  83          **************************************************/
  84          void Sys_Scan(void)
  85          {                               
  86   1              if(SOCAPI_TouchKeyStatus&0x40)          //当按键个数大于8个时，要判断半轮标志是否被置起，然后启动下半轮
  87   1              {
  88   2                      SOCAPI_TouchKeyStatus &= 0xBf;  // 清除标志位， 需要外部清除。
  89   2                      TouchKeyRestart();                              //启动下一轮转换
  90   2              }
  91   1              if(SOCAPI_TouchKeyStatus&0x80)      //重要步骤2:  触摸键扫描一轮标志，是否调用TouchKeyScan()一定要根据此标
             -志位置起后
  92   1               {                                                                                                                                              
  93   2                      SOCAPI_TouchKeyStatus &= 0x7f;  //重要步骤3: 清除标志位， 需要外部清除。                                                                                                            
  94   2                      exKeyValueFlag = TouchKeyScan();//按键数据处理函数   
  95   2                      
  96   2                      TouchKeyRestart();                              //启动下一轮转换                                                                                                                                                                                                                                                                        
  97   2              }                          
  98   1      }
  99          /**************************************************
 100          *函数名称：void main(void)                                                                
 101          *函数功能：主函数
 102          *入口参数：void
 103          *出口参数：void  
 104          **************************************************/
 105          void main(void)
 106          {                                       
 107   1              Sys_Init();
 108   1              
 109   1              //触控按键初始化
 110   1              TouchKeyInit();
 111   1      
 112   1              while(1)
 113   1              {
 114   2                 WDTCON  = 0x10;                         
 115   2                 if(TimerFlag_1ms==1)
C51 COMPILER V9.60.0.0   MAIN                                                              12/14/2022 15:21:51 PAGE 3   

 116   2                 {
 117   3                              TimerFlag_1ms=0;        
 118   3                              Timercount++;
 119   3                              if(Timercount>10)
 120   3                              {
 121   4                                      Timercount=0;
 122   4                                      Sys_Scan();
 123   4                              }                                                                                         
 124   3                 }
 125   2                                 
 126   2              } 
 127   1      }


MODULE INFORMATION:   STATIC OVERLAYABLE
   CODE SIZE        =    150    ----
   CONSTANT SIZE    =   ----    ----
   XDATA SIZE       =   ----    ----
   PDATA SIZE       =   ----    ----
   DATA SIZE        =      5    ----
   IDATA SIZE       =   ----    ----
   BIT SIZE         =      1    ----
END OF MODULE INFORMATION.


C51 COMPILATION COMPLETE.  0 WARNING(S),  0 ERROR(S)
